// Jest Snapshot v1, https://goo.gl/fbAQLP

exports[`Pruebas en <FristApp/> debe de hacer match con el snapshot 1`] = `
<div>
  <h1>
    Hola, soy Goku!
  </h1>
  <p>
    Soy un guerrero
  </p>
  <p>
    Pau!!!!
  </p>
</div>
`;
